INFO:root:log this line of execution
INFO:root:log this line of execution
INFO:root:this is a print statement
INFO:root:log this line of execution
INFO:root:this is a print statement
INFO:root:log this line of execution
INFO:root:this is a print statement
INFO:root:log this line of execution
INFO:root:this is a print statement
WARNING:root:this is warning
INFO:root:log this line of execution
INFO:root:this is a print statement
WARNING:root:this is warning
ERROR:root:this is error
INFO:root:log this line of execution
INFO:root:this is a print statement
WARNING:root:this is warning
ERROR:root:this is error
CRITICAL:root:this is critical
INFO:root:log this line of execution
INFO:root:this is a print statement
WARNING:root:this is warning
ERROR:root:this is error
CRITICAL:root:this is critical
INFO:root:log this line of execution
INFO:root:this is a print statement
WARNING:root:this is warning
ERROR:root:this is error
CRITICAL:root:this is critical
INFO:root:log this line of execution
INFO:root:this is a print statement
WARNING:root:this is warning
ERROR:root:this is error
CRITICAL:root:this is critical
INFO:root:log this line of execution
INFO:root:this is a print statement
WARNING:root:this is warning
ERROR:root:this is error
CRITICAL:root:this is critical
INFO:root:this is information
WARNING:root:this is warning
INFO:root:log this line of execution
INFO:root:this is a print statement
WARNING:root:this is warning
ERROR:root:this is error
CRITICAL:root:this is critical
INFO:root:this is information
WARNING:root:this is warning
INFO:root:log this line of execution
INFO:root:this is a print statement
WARNING:root:this is warning
ERROR:root:this is error
CRITICAL:root:this is critical
INFO:root:this is information
WARNING:root:this is warning
INFO:root:log this line of execution
INFO:root:this is a print statement
WARNING:root:this is warning
ERROR:root:this is error
CRITICAL:root:this is critical
INFO:root:this is information
WARNING:root:this is warning
INFO:root:log this line of execution
INFO:root:this is a print statement
WARNING:root:this is warning
ERROR:root:this is error
CRITICAL:root:this is critical
INFO:root:this is information
WARNING:root:this is warning
INFO:root:log this line of execution
INFO:root:this is a print statement
WARNING:root:this is warning
ERROR:root:this is error
CRITICAL:root:this is critical
INFO:root:this is information
WARNING:root:this is warning
INFO:root:log this line of execution
INFO:root:this is a print statement
WARNING:root:this is warning
ERROR:root:this is error
CRITICAL:root:this is critical
INFO:root:this is information
WARNING:root:this is warning
INFO:root:log this line of execution
INFO:root:this is a print statement
WARNING:root:this is warning
ERROR:root:this is error
CRITICAL:root:this is critical
INFO:root:this is information
WARNING:root:this is warning
INFO:root:log this line of execution
INFO:root:this is a print statement
WARNING:root:this is warning
ERROR:root:this is error
CRITICAL:root:this is critical
INFO:root:this is information
WARNING:root:this is warning
INFO:root:log this line of execution
INFO:root:this is a print statement
WARNING:root:this is warning
ERROR:root:this is error
CRITICAL:root:this is critical
INFO:root:this is information
WARNING:root:this is warning
INFO:root:log this line of execution
INFO:root:this is a print statement
WARNING:root:this is warning
ERROR:root:this is error
CRITICAL:root:this is critical
INFO:root:this is information
WARNING:root:this is warning
INFO:root:log this line of execution
INFO:root:this is a print statement
WARNING:root:this is warning
ERROR:root:this is error
CRITICAL:root:this is critical
INFO:root:this is information
WARNING:root:this is warning
